// Jest Snapshot v1, https://goo.gl/fbAQLP

exports[`getCountriesData Saga should call the repoLoadingError action if the response errors 1`] = `
Object {
  "@@redux-saga/IO": true,
  "combinator": false,
  "payload": Object {
    "args": Array [
      "https://restcountries.eu/rest/v2/all",
      Object {
        "method": "GET",
      },
    ],
    "context": null,
    "fn": [Function],
  },
  "type": "CALL",
}
`;

exports[`getCountriesData Saga should dispatch the getCountriesData action if it requests the data successfully 1`] = `
Object {
  "@@redux-saga/IO": true,
  "combinator": false,
  "payload": Object {
    "args": Array [
      "https://restcountries.eu/rest/v2/all",
      Object {
        "method": "GET",
      },
    ],
    "context": null,
    "fn": [Function],
  },
  "type": "CALL",
}
`;
