// Jest Snapshot v1, https://goo.gl/fbAQLP

exports[`<FavoriteCountryButtonWrapper /> should render and match the snapshot 1`] = `
.c0 {
  position: absolute;
  right: 20px;
  top: 20px;
}

<div
  class="c0"
/>
`;

exports[`<Header /> should render and match the snapshot 1`] = `
.c0 {
  font-size: 2rem;
  text-align: center;
  margin: 0 0 10px;
}

<h1
  class="c0"
/>
`;
