// Jest Snapshot v1, https://goo.gl/fbAQLP

exports[`<LanguageSwitcher /> should render like snapshot 1`] = `
<div
  className="sc-AxirZ imvhNP"
>
  <div
    className="MuiFormControl-root MuiFormControl-fullWidth"
  >
    <div
      className="MuiInputBase-root MuiOutlinedInput-root sc-AxiKw bcRLgv MuiInputBase-formControl"
      onClick={[Function]}
    >
      <div
        aria-haspopup="listbox"
        aria-labelledby="select-language select-language"
        className="MuiSelect-root MuiSelect-select MuiSelect-selectMenu MuiSelect-outlined MuiInputBase-input MuiOutlinedInput-input"
        id="select-language"
        onBlur={[Function]}
        onFocus={[Function]}
        onKeyDown={[Function]}
        onMouseDown={[Function]}
        role="button"
        tabIndex={0}
      >
        <span
          dangerouslySetInnerHTML={
            Object {
              "__html": "&#8203;",
            }
          }
        />
      </div>
      <input
        onAnimationStart={[Function]}
        type="hidden"
      />
      <svg
        aria-hidden={true}
        className="MuiSvgIcon-root MuiSelect-icon MuiSelect-iconOutlined"
        focusable="false"
        viewBox="0 0 24 24"
      >
        <path
          d="M7 10l5 5 5-5z"
        />
      </svg>
      <fieldset
        aria-hidden={true}
        className="PrivateNotchedOutline-root-1 MuiOutlinedInput-notchedOutline"
        style={
          Object {
            "paddingLeft": 8,
          }
        }
      >
        <legend
          className="PrivateNotchedOutline-legend-2"
          style={
            Object {
              "width": 0.01,
            }
          }
        >
          <span
            dangerouslySetInnerHTML={
              Object {
                "__html": "&#8203;",
              }
            }
          />
        </legend>
      </fieldset>
    </div>
  </div>
</div>
`;
