// Jest Snapshot v1, https://goo.gl/fbAQLP

exports[`globalAddErrorSaga Saga should call the setError action if the response errors 1`] = `
Object {
  "@@redux-saga/IO": true,
  "combinator": false,
  "payload": Object {
    "args": Array [],
    "selector": [Function],
  },
  "type": "SELECT",
}
`;

exports[`globalAddErrorSaga Saga should dispatch the setErrors action if it selects the errors successfully 1`] = `
Object {
  "@@redux-saga/IO": true,
  "combinator": false,
  "payload": Object {
    "args": Array [],
    "selector": [Function],
  },
  "type": "SELECT",
}
`;
